^D✔ tokenizeTutorMathText keeps Korean text and inline math in order (1.834084ms)
✔ tokenizeTutorMathText recognizes display fractions and multiline lists (0.192291ms)
✔ tokenizeTutorMathText isolates unmatched delimiters as literal fragments (0.14475ms)
✔ tokenizeTutorMathText isolates a malformed delimiter while recovering neighboring Korean math (0.410166ms)
✔ normalizeTutorMathText converts bracket delimiters before tokenizing (0.36825ms)
✔ normalizeTutorMathText wraps bare LaTeX fragments without touching existing math (0.248292ms)
✔ normalizeTutorMathText processes long bare formula-like input without regex backtracking (0.216458ms)
✔ classifyTutorLatex pre-blocks oversized and trust/external commands (0.105084ms)
✔ classifyTutorLatex permits the limited high-school notation needed by limits and geometry (0.294166ms)
✔ classifyTutorLatex keeps malformed and instruction-like fragments literal beside valid math (0.38325ms)
✖ classifyTutorLatex renders safe single-variable inline math without opening prose fallback (1.737541ms)
✔ TutorMathText server markup contains escaped text and no injected HTML (2.856667ms)
✔ TutorMathText browser effect renders valid math and keeps unsafe math literal (1553.677417ms)
✔ TutorMathText browser probe removes its temporary directories (1364.785041ms)
ℹ tests 14
ℹ suites 0
ℹ pass 13
ℹ fail 1
ℹ cancelled 0
ℹ skipped 0
ℹ todo 0
ℹ duration_ms 8209.730833

✖ failing tests:

test at src/components/ai-tutor/TutorMathText.test.tsx:2:7579
✖ classifyTutorLatex renders safe single-variable inline math without opening prose fallback (1.737541ms)
  AssertionError [ERR_ASSERTION]: Expected values to be strictly deep-equal:
  + actual - expected
  
    {
  +   kind: 'literal',
  +   reason: 'malformed'
  -   kind: 'renderable'
    }
  
      at TestContext.<anonymous> (/Users/cego/building/mathgo-web-ai-tutor-student-release/src/components/ai-tutor/TutorMathText.test.tsx:182:12)
      at Test.runInAsyncScope (node:async_hooks:214:14)
      at Test.run (node:internal/test_runner/test:1047:25)
      at Test.processPendingSubtests (node:internal/test_runner/test:744:18)
      at Test.postRun (node:internal/test_runner/test:1173:19)
      at Test.run (node:internal/test_runner/test:1101:12)
      at async Test.processPendingSubtests (node:internal/test_runner/test:744:7) {
    generatedMessage: true,
    code: 'ERR_ASSERTION',
    actual: { kind: 'literal', reason: 'malformed' },
    expected: { kind: 'renderable' },
    operator: 'deepStrictEqual',
    diff: 'simple'
  }
